// Jest Snapshot v1, https://goo.gl/fbAQLP

exports[`Pruebas en TodoForm debe mostrarse correctamente 1`] = `
<form
  action=""
  onSubmit={[Function]}
>
  <div
    className="form-group"
  >
    <input
      className="form-control"
      name="description"
      onChange={[Function]}
      placeholder="Insert todo"
      type="text"
      value=""
    />
  </div>
  <button
    className="btn btn-warning d-block btn-lg my-2 w-100"
  >
    Add
  </button>
</form>
`;
